[dotenv@17.2.2] injecting env (23) from .env -- tip: 🛠️  run anywhere with `dotenvx run -- yourcommand`
[dotenv@17.2.2] injecting env (0) from .env -- tip: 🔐 prevent committing .env to code: https://dotenvx.com/precommit
🔍 Using query() without params
🔍 Kiểm tra kết nối database...
(node:22012) [DEP0169] DeprecationWarning: `url.parse()` behavior is not standardized and prone to errors that have security implications. Use the WHATWG URL API instead. CVEs are not issued for `url.parse()` vulnerabilities.
(Use `node --trace-deprecation ...` to show where the warning was created)
✅ Kết nối MySQL database thành công!
✅ Kết nối database thành công!
🧩 Kiểm tra & bổ sung cột còn thiếu...
🔍 Using query() with params: [ 'sinh_vien', 'giang_vien_huong_dan' ]
🔍 Using query() without params
🔍 Using query() without params
🔍 Using query() with params: [ 'dot_thuc_tap', 'so_sinh_vien_tham_gia' ]
🔍 Using query() with params: [ 'dot_thuc_tap', 'so_giang_vien_huong_dan' ]
🔍 Using query() with params: [ 'dot_thuc_tap', 'so_doanh_nghiep_tham_gia' ]
✅ Cấu trúc bảng đã sẵn sàng
🔍 Using query() with params: [ 'so_sinh_vien_excel' ]
🔍 Using query() with params: [ 'so_giang_vien_excel' ]
🔍 Using query() with params: [ 'so_doanh_nghiep_excel' ]
✅ Các cột đếm đã tồn tại trong dot_thuc_tap
🔍 Using query() with params: [ 'sinh_vien', 'nguyen_vong_thuc_tap' ]
🔍 Using query() with params: [ 'sinh_vien', 'vi_tri_muon_ung_tuyen_thuc_tap' ]
🔍 Using query() with params: [ 'sinh_vien', 'don_vi_thuc_tap' ]
🔍 Using query() with params: [ 'sinh_vien', 'cong_ty_tu_lien_he' ]
🔍 Using query() with params: [ 'sinh_vien', 'dia_chi_cong_ty' ]
🔍 Using query() with params: [ 'sinh_vien', 'nguoi_lien_he_cong_ty' ]
🔍 Using query() with params: [ 'sinh_vien', 'sdt_nguoi_lien_he' ]
🔍 Using query() with params: [ 'sinh_vien', 'cv_path' ]
🔍 Using query() with params: [ 'sinh_vien', 'trang_thai_phan_cong' ]
🔍 Using query() with params: [ 'sinh_vien', 'giang_vien_huong_dan' ]
🔍 Using query() with params: [ 'dot_thuc_tap', 'so_sinh_vien_tham_gia' ]
🔍 Using query() with params: [ 'dot_thuc_tap', 'so_giang_vien_huong_dan' ]
🔍 Using query() with params: [ 'dot_thuc_tap', 'so_doanh_nghiep_tham_gia' ]
🔍 Using query() with params: [ 'dot_thuc_tap', 'thoi_gian_dang_ky_tu' ]
🔍 Using query() with params: [ 'dot_thuc_tap', 'thoi_gian_dang_ky_den' ]
🔍 Using query() with params: [ 'dot_thuc_tap', 'khoa_hoc_ap_dung' ]
🔍 Using query() with params: [ 'dot_thuc_tap', 'lop_ap_dung' ]
🔍 Using query() with params: [ 'phan_cong_thuc_tap', 'diem_giang_vien' ]
🔍 Using query() with params: [ 'phan_cong_thuc_tap', 'nhan_xet_giang_vien' ]
🔍 Using query() with params: [ 'phan_cong_thuc_tap', 'ngay_nop_danh_gia' ]
🔍 Using query() with params: [ 'dang_ky_thuc_tap_sinh_vien', 'workflow_status_v2' ]
🔍 Using query() with params: [ 'dang_ky_thuc_tap_sinh_vien', 'interview_date' ]
🔍 Using query() with params: [ 'dang_ky_thuc_tap_sinh_vien', 'interview_time' ]
🔍 Using query() with params: [ 'dang_ky_thuc_tap_sinh_vien', 'interview_location' ]
🔍 Using query() with params: [ 'dang_ky_thuc_tap_sinh_vien', 'interview_note' ]
🔍 Using query() with params: [ 'dang_ky_thuc_tap_sinh_vien', 'interview_updated_at' ]
🔍 Using query() with params: [ 'dang_ky_thuc_tap_sinh_vien', 'result_note' ]
🔍 Using query() with params: [ 'giang_vien', 'ngay_sinh' ]
🔍 Using query() with params: [ 'giang_vien', 'chuc_danh' ]
🔍 Using query() with params: [ 'giang_vien', 'can_cuoc_cong_dan' ]
🔍 Using query() without params
🚀 Server đang chạy...
📡 URL: http://localhost:3001
🌍 Environment: development
📚 API Documentation: http://localhost:3001/api/docs
⚡ API Endpoints:
   - Reports: http://localhost:3001/api/reports
   - Health: http://localhost:3001/health
───────────────────────────────────────
🔍 Using query() without params
📨 Zalo queue: bảng zalo_message_queue & deadline_reminders đã sẵn sàng.
⚙️  Zalo worker: chạy mỗi 30 giây (3 tin/lần, delay 4s giữa các tin).
⏰ Deadline reminder: chạy mỗi 10 phút (queue nhắc 24h trước hạn).
🔍 Using query() without params
🔍 Using query() without params
🔍 Using query() without params
🔍 Using query() without params
🔍 Using query() without params
🔍 Using query() without params
🔍 Using query() without params
🔍 Using query() without params
🔍 Using query() without params
🔍 Using query() without params
🔍 Using query() without params
🔍 Using query() without params
🔍 Using query() without params
🔍 Using query() without params
🔍 Using query() without params
🔍 Using query() without params
🔍 Using query() without params
🔍 Using query() without params
🔍 Using query() without params
🔍 Using query() without params
🔍 Using query() without params
🔍 Using query() without params
🔍 Using query() without params
🔍 Using query() without params
🔍 Using query() without params
🔍 Using query() without params
🔍 Using query() without params
🔍 Using query() without params
🔍 Using query() without params
🔍 Using query() without params
🔍 Using query() without params
🔍 Using query() without params
🔍 Using query() without params
🔍 Using query() without params
🔍 Using query() without params
🔍 Using query() without params
🔍 Using query() without params
🔍 Using query() without params
🔍 Using query() without params
🔍 Using query() without params
🔍 Using query() without params
🔍 Using query() without params
🔍 Using query() without params
🔍 Using query() without params
🔍 Using query() without params
🔍 Using query() without params
🔍 Using query() without params
🔍 Using query() without params
[2026-05-22T12:33:25.098Z] [PID: 22012] [32m[NODE-CRON][32m [33m[WARN][0m missed execution at Fri May 22 2026 18:54:00 GMT+0700 (Indochina Time)! Possible blocking IO or high CPU user at the same process used by node-cron.
[2026-05-22T12:33:25.394Z] [PID: 22012] [32m[NODE-CRON][32m [33m[WARN][0m missed execution at Fri May 22 2026 18:54:30 GMT+0700 (Indochina Time)! Possible blocking IO or high CPU user at the same process used by node-cron.
[2026-05-22T12:33:25.440Z] [PID: 22012] [32m[NODE-CRON][32m [33m[WARN][0m missed execution at Fri May 22 2026 18:55:00 GMT+0700 (Indochina Time)! Possible blocking IO or high CPU user at the same process used by node-cron.
[2026-05-22T12:33:25.499Z] [PID: 22012] [32m[NODE-CRON][32m [33m[WARN][0m missed execution at Fri May 22 2026 18:55:30 GMT+0700 (Indochina Time)! Possible blocking IO or high CPU user at the same process used by node-cron.
[2026-05-22T12:33:25.605Z] [PID: 22012] [32m[NODE-CRON][32m [33m[WARN][0m missed execution at Fri May 22 2026 18:56:00 GMT+0700 (Indochina Time)! Possible blocking IO or high CPU user at the same process used by node-cron.
[2026-05-22T12:33:25.662Z] [PID: 22012] [32m[NODE-CRON][32m [33m[WARN][0m missed execution at Fri May 22 2026 18:56:30 GMT+0700 (Indochina Time)! Possible blocking IO or high CPU user at the same process used by node-cron.
[2026-05-22T12:33:25.713Z] [PID: 22012] [32m[NODE-CRON][32m [33m[WARN][0m missed execution at Fri May 22 2026 18:57:00 GMT+0700 (Indochina Time)! Possible blocking IO or high CPU user at the same process used by node-cron.
[2026-05-22T12:33:25.790Z] [PID: 22012] [32m[NODE-CRON][32m [33m[WARN][0m missed execution at Fri May 22 2026 18:57:30 GMT+0700 (Indochina Time)! Possible blocking IO or high CPU user at the same process used by node-cron.
[2026-05-22T12:33:25.834Z] [PID: 22012] [32m[NODE-CRON][32m [33m[WARN][0m missed execution at Fri May 22 2026 18:58:00 GMT+0700 (Indochina Time)! Possible blocking IO or high CPU user at the same process used by node-cron.
[2026-05-22T12:33:25.860Z] [PID: 22012] [32m[NODE-CRON][32m [33m[WARN][0m missed execution at Fri May 22 2026 18:58:30 GMT+0700 (Indochina Time)! Possible blocking IO or high CPU user at the same process used by node-cron.
[2026-05-22T12:33:25.891Z] [PID: 22012] [32m[NODE-CRON][32m [33m[WARN][0m missed execution at Fri May 22 2026 18:59:00 GMT+0700 (Indochina Time)! Possible blocking IO or high CPU user at the same process used by node-cron.
[2026-05-22T12:33:25.919Z] [PID: 22012] [32m[NODE-CRON][32m [33m[WARN][0m missed execution at Fri May 22 2026 18:59:30 GMT+0700 (Indochina Time)! Possible blocking IO or high CPU user at the same process used by node-cron.
[2026-05-22T12:33:25.968Z] [PID: 22012] [32m[NODE-CRON][32m [33m[WARN][0m missed execution at Fri May 22 2026 19:00:00 GMT+0700 (Indochina Time)! Possible blocking IO or high CPU user at the same process used by node-cron.
[2026-05-22T12:33:26.033Z] [PID: 22012] [32m[NODE-CRON][32m [33m[WARN][0m missed execution at Fri May 22 2026 19:00:30 GMT+0700 (Indochina Time)! Possible blocking IO or high CPU user at the same process used by node-cron.
[2026-05-22T12:33:26.235Z] [PID: 22012] [32m[NODE-CRON][32m [33m[WARN][0m missed execution at Fri May 22 2026 19:01:00 GMT+0700 (Indochina Time)! Possible blocking IO or high CPU user at the same process used by node-cron.
[2026-05-22T12:33:26.361Z] [PID: 22012] [32m[NODE-CRON][32m [33m[WARN][0m missed execution at Fri May 22 2026 19:01:30 GMT+0700 (Indochina Time)! Possible blocking IO or high CPU user at the same process used by node-cron.
[2026-05-22T12:33:26.453Z] [PID: 22012] [32m[NODE-CRON][32m [33m[WARN][0m missed execution at Fri May 22 2026 19:02:00 GMT+0700 (Indochina Time)! Possible blocking IO or high CPU user at the same process used by node-cron.
[2026-05-22T12:33:26.514Z] [PID: 22012] [32m[NODE-CRON][32m [33m[WARN][0m missed execution at Fri May 22 2026 19:02:30 GMT+0700 (Indochina Time)! Possible blocking IO or high CPU user at the same process used by node-cron.
[2026-05-22T12:33:26.609Z] [PID: 22012] [32m[NODE-CRON][32m [33m[WARN][0m missed execution at Fri May 22 2026 19:03:00 GMT+0700 (Indochina Time)! Possible blocking IO or high CPU user at the same process used by node-cron.
[2026-05-22T12:33:26.698Z] [PID: 22012] [32m[NODE-CRON][32m [33m[WARN][0m missed execution at Fri May 22 2026 19:03:30 GMT+0700 (Indochina Time)! Possible blocking IO or high CPU user at the same process used by node-cron.
[2026-05-22T12:33:26.867Z] [PID: 22012] [32m[NODE-CRON][32m [33m[WARN][0m missed execution at Fri May 22 2026 19:04:00 GMT+0700 (Indochina Time)! Possible blocking IO or high CPU user at the same process used by node-cron.
[2026-05-22T12:33:26.952Z] [PID: 22012] [32m[NODE-CRON][32m [33m[WARN][0m missed execution at Fri May 22 2026 19:04:30 GMT+0700 (Indochina Time)! Possible blocking IO or high CPU user at the same process used by node-cron.
[2026-05-22T12:33:27.038Z] [PID: 22012] [32m[NODE-CRON][32m [33m[WARN][0m missed execution at Fri May 22 2026 19:05:00 GMT+0700 (Indochina Time)! Possible blocking IO or high CPU user at the same process used by node-cron.
[2026-05-22T12:33:27.100Z] [PID: 22012] [32m[NODE-CRON][32m [33m[WARN][0m missed execution at Fri May 22 2026 19:05:30 GMT+0700 (Indochina Time)! Possible blocking IO or high CPU user at the same process used by node-cron.
[2026-05-22T12:33:27.149Z] [PID: 22012] [32m[NODE-CRON][32m [33m[WARN][0m missed execution at Fri May 22 2026 19:06:00 GMT+0700 (Indochina Time)! Possible blocking IO or high CPU user at the same process used by node-cron.
[2026-05-22T12:33:27.193Z] [PID: 22012] [32m[NODE-CRON][32m [33m[WARN][0m missed execution at Fri May 22 2026 19:06:30 GMT+0700 (Indochina Time)! Possible blocking IO or high CPU user at the same process used by node-cron.
[2026-05-22T12:33:27.274Z] [PID: 22012] [32m[NODE-CRON][32m [33m[WARN][0m missed execution at Fri May 22 2026 19:07:00 GMT+0700 (Indochina Time)! Possible blocking IO or high CPU user at the same process used by node-cron.
[2026-05-22T12:33:27.592Z] [PID: 22012] [32m[NODE-CRON][32m [33m[WARN][0m missed execution at Fri May 22 2026 19:07:30 GMT+0700 (Indochina Time)! Possible blocking IO or high CPU user at the same process used by node-cron.
[2026-05-22T12:33:27.645Z] [PID: 22012] [32m[NODE-CRON][32m [33m[WARN][0m missed execution at Fri May 22 2026 19:08:00 GMT+0700 (Indochina Time)! Possible blocking IO or high CPU user at the same process used by node-cron.
[2026-05-22T12:33:27.699Z] [PID: 22012] [32m[NODE-CRON][32m [33m[WARN][0m missed execution at Fri May 22 2026 19:08:30 GMT+0700 (Indochina Time)! Possible blocking IO or high CPU user at the same process used by node-cron.
[2026-05-22T12:33:27.725Z] [PID: 22012] [32m[NODE-CRON][32m [33m[WARN][0m missed execution at Fri May 22 2026 19:09:00 GMT+0700 (Indochina Time)! Possible blocking IO or high CPU user at the same process used by node-cron.
[2026-05-22T12:33:27.762Z] [PID: 22012] [32m[NODE-CRON][32m [33m[WARN][0m missed execution at Fri May 22 2026 19:09:30 GMT+0700 (Indochina Time)! Possible blocking IO or high CPU user at the same process used by node-cron.
[2026-05-22T12:33:27.857Z] [PID: 22012] [32m[NODE-CRON][32m [33m[WARN][0m missed execution at Fri May 22 2026 19:10:00 GMT+0700 (Indochina Time)! Possible blocking IO or high CPU user at the same process used by node-cron.
[2026-05-22T12:33:27.911Z] [PID: 22012] [32m[NODE-CRON][32m [33m[WARN][0m missed execution at Fri May 22 2026 19:10:30 GMT+0700 (Indochina Time)! Possible blocking IO or high CPU user at the same process used by node-cron.
[2026-05-22T12:33:28.000Z] [PID: 22012] [32m[NODE-CRON][32m [33m[WARN][0m missed execution at Fri May 22 2026 19:11:00 GMT+0700 (Indochina Time)! Possible blocking IO or high CPU user at the same process used by node-cron.
[2026-05-22T12:33:28.040Z] [PID: 22012] [32m[NODE-CRON][32m [33m[WARN][0m missed execution at Fri May 22 2026 19:11:30 GMT+0700 (Indochina Time)! Possible blocking IO or high CPU user at the same process used by node-cron.
[2026-05-22T12:33:28.087Z] [PID: 22012] [32m[NODE-CRON][32m [33m[WARN][0m missed execution at Fri May 22 2026 19:12:00 GMT+0700 (Indochina Time)! Possible blocking IO or high CPU user at the same process used by node-cron.
[2026-05-22T12:33:28.129Z] [PID: 22012] [32m[NODE-CRON][32m [33m[WARN][0m missed execution at Fri May 22 2026 19:12:30 GMT+0700 (Indochina Time)! Possible blocking IO or high CPU user at the same process used by node-cron.
[2026-05-22T12:33:28.162Z] [PID: 22012] [32m[NODE-CRON][32m [33m[WARN][0m missed execution at Fri May 22 2026 19:13:00 GMT+0700 (Indochina Time)! Possible blocking IO or high CPU user at the same process[2026-05-22T12:33:28.191Z] [PID: 28476] [32m[NODE-CRON][32m [33m[WARN][0m missed execution at Fri May 22 2026 19:11:30 GMT+0700 (Indochina Time)! Possible blocking IO or high CPU user at the same process used by node-cron.
[2026-05-22T12:33:28.274Z] [PID: 28476] [32m[NODE-CRON][32m [33m[WARN][0m missed execution at Fri May 22 2026 19:12:00 GMT+0700 (Indochina Time)! Possible blocking IO or high CPU user at the same process used by node-cron.
[2026-05-22T12:33:28[2026-05-22T12:33:28.415Z] [PID: 22012] [32m[NODE-CRON][32m [33m[WARN][0m missed execution at Fri May 22 2026 19:14:30 GMT+0700 (Indochina Time)! Possible blocking IO or high CPU user at the same process[2026-05-22T12:33:28[2026-05-22T12:33:28.531Z] [PID: 22012] [32m[NODE-CRON][32m [33m[WARN][0m missed execution at Fri May 22 2026 19:15:00 GMT+0700 (Indochina Time)! Possible blocking IO or high CPU user at the same process[2026-05-22T12:33:28[2026-05-22T12:33:28.637Z] [PID: 22012] [32m[NODE-CRON][32m [33m[WARN][0m missed execution at Fri May 22 2026 19:15:30 GMT+0700 (Indochina Time)! Possible blocking IO or high CPU user at the same process used by node-cron.
[2026-05-22T12:33:28.688Z] [PID: 22012] [32m[NODE-CRON][32m [33m[WARN][0m missed execution at Fri May 22 2026 19:16:00 GMT+0700 (Indochina Time)! Possible blocking IO or high CPU user at the same process used by node-cron.
[2026-05-22T12:33:28.784Z] [PID: 22012] [32m[NODE-CRON][32m [33m[WARN][0m missed execution at Fri May 22 2026 19:16:30 GMT+0700 (Indochina Time)! Possible blocking IO or high CPU user at the same process[2026-05-22T12:33:28[2026-05-22T12:33:28.941Z] [PID: 22012] [32m[NODE-CRON][32m [33m[WARN][0m missed execution at Fri May 22 2026 19:17:00 GMT+0700 (Indochina Time)! Possible blocking IO or high CPU user at the same process used by node-cron.
[2026-05-22T12:33:29.548Z] [PID: 22012] [32m[NODE-CRON][32m [33m[WARN][0m missed execution at Fri May 22 2026 19:17:30 GMT+0700 (Indochina Time)! Possible blocking IO or high CPU user at the same process used by node-cron.
[2026-05-22T12:33:29.798Z] [PID: 22012] [32m[NODE-CRON][32m [33m[WARN][0m missed execution at Fri May 22 2026 19:18:00 GMT+0700 (Indochina Time)! Possible blocking IO or high CPU user at the same process used by node-cron.
[2026-05-22T12:33:29.966Z] [PID: 22012] [32m[NODE-CRON][32m [33m[WARN][0m missed execution at Fri May 22 2026 19:18:30 GMT+0700 (Indochina Time)! Possible blocking IO or high CPU user at the same process used by node-cron.
[2026-05-22T12:33:30.222Z] [PID: 22012] [32m[NODE-CRON][32m [33m[WARN][0m missed execution at Fri May 22 2026 19:19:00 GMT+0700 (Indochina Time)! Possible blocking IO or high CPU user at the same process used by node-cron.
[2026-05-22T12:33:30.250Z] [PID: 22012] [32m[NODE-CRON][32m [33m[WARN][0m missed execution at Fri May 22 2026 19:19:30 GMT+0700 (Indochina Time)! Possible blocking IO or high CPU user at the same process used by node-cron.
[2026-05-22T12:33:30.620Z] [PID: 22012] [32m[NODE-CRON][32m [33m[WARN][0m missed execution at Fri May 22 2026 19:20:00 GMT+0700 (Indochina Time)! Possible blocking IO or high CPU user at the same process used by node-cron.
[2026-05-22T12:33:30.623Z] [PID: 22012] [32m[NODE-CRON][32m [33m[WARN][0m missed execution at Fri May 22 2026 19:20:30 GMT+0700 (Indochina Time)! Possible blocking IO or high CPU user at the same process used by node-cron.
[2026-05-22T12:33:30.728Z] [PID: 22012] [32m[NODE-CRON][32m [33m[WARN][0m missed execution at Fri May 22 2026 19:21:00 GMT+0700 (Indochina Time)! Possible blocking IO or high CPU user at the same process used by node-cron.
[2026-05-22T12:33:30.787Z] [PID: 22012] [32m[NODE-CRON][32m [33m[WARN][0m missed execution at Fri May 22 2026 19:21:30 GMT+0700 (Indochina Time)! Possible blocking IO or high CPU user at the same process used by node-cron.
[2026-05-22T12:33:30.895Z] [PID: 22012] [32m[NODE-CRON][32m [33m[WARN][0m missed execution at Fri May 22 2026 19:22:00 GMT+0700 (Indochina Time)! Possible blocking IO or high CPU user at the same process used by node-cron.
[2026-05-22T12:33:30.908Z] [PID: 22012] [32m[NODE-CRON][32m [33m[WARN][0m missed execution at Fri May 22 2026 19:22:30 GMT+0700 (Indochina Time)! Possible blocking IO or high CPU user at the same process used by node-cron.
[2026-05-22T12:33:30.947Z] [PID: 22012] [32m[NODE-CRON][32m [33m[WARN][0m missed execution at Fri May 22 2026 19:23:00 GMT+0700 (Indochina Time)! Possible blocking IO or high CPU user at the same process used by node-cron.
[2026-05-22T12:33:31.099Z] [PID: 22012] [32m[NODE-CRON][32m [33m[WARN][0m missed execution at Fri May 22 2026 19:23:30 GMT+0700 (Indochina Time)! Possible blocking IO or high CPU user at the same process used by node-cron.
[2026-05-22T12:33:31.124Z] [PID: 22012] [32m[NODE-CRON][32m [33m[WARN][0m missed execution at Fri May 22 2026 19:24:00 GMT+0700 (Indochina Time)! Possible blocking IO or high CPU user at the same process used by node-cron.
[2026-05-22T12:33:31.156Z] [PID: 22012] [32m[NODE-CRON][32m [33m[WARN][0m missed execution at Fri May 22 2026 19:24:30 GMT+0700 (Indochina Time)! Possible blocking IO or high CPU user at the same process used by node-cron.
[2026-05-22T12:33:31.193Z] [PID: 22012] [32m[NODE-CRON][32m [33m[WARN][0m missed execution at Fri May 22 2026 19:25:00 GMT+0700 (Indochina Time)! Possible blocking IO or high CPU user at the same process used by node-cron.
[2026-05-22T12:33:31.206Z] [PID: 22012] [32m[NODE-CRON][32m [33m[WARN][0m missed execution at Fri May 22 2026 19:25:30 GMT+0700 (Indochina Time)! Possible blocking IO or high CPU user at the same process used by node-cron.
[2026-05-22T12:33:31.326Z] [PID: 22012] [32m[NODE-CRON][32m [33m[WARN][0m missed execution at Fri May 22 2026 19:26:00 GMT+0700 (Indochina Time)! Possible blocking IO or high CPU user at the same process used by node-cron.
[2026-05-22T12:33:31.365Z] [PID: 22012] [32m[NODE-CRON][32m [33m[WARN][0m missed execution at Fri May 22 2026 19:26:30 GMT+0700 (Indochina Time)! Possible blocking IO or high CPU user at the same process used by node-cron.
[2026-05-22T12:33:31.544Z] [PID: 22012] [32m[NODE-CRON][32m [33m[WARN][0m missed execution at Fri May 22 2026 19:27:00 GMT+0700 (Indochina Time)! Possible blocking IO or high CPU user at the same process used by node-cron.
[2026-05-22T12:33:31.683Z] [PID: 22012] [32m[NODE-CRON][32m [33m[WARN][0m missed execution at Fri May 22 2026 19:27:30 GMT+0700 (Indochina Time)! Possible blocking IO or high CPU user at the same process used by node-cron.
[2026-05-22T12:33:31.692Z] [PID: 22012] [32m[NODE-CRON][32m [33m[WARN][0m missed execution at Fri May 22 2026 19:28:00 GMT+0700 (Indochina Time)! Possible blocking IO or high CPU user at the same process used by node-cron.
[2026-05-22T12:33:31.794Z] [PID: 22012] [32m[NODE-CRON][32m [33m[WARN][0m missed execution at Fri May 22 2026 19:28:30 GMT+0700 (Indochina Time)! Possible blocking IO or high CPU user at the same process used by node-cron.
[2026-05-22T12:33:31.884Z] [PID: 22012] [32m[NODE-CRON][32m [33m[WARN][0m missed execution at Fri May 22 2026 19:29:00 GMT+0700 (Indochina Time)! Possible blocking IO or high CPU user at the same process used by node-cron.
[2026-05-22T12:33:31.929Z] [PID: 22012] [32m[NODE-CRON][32m [33m[WARN][0m missed execution at Fri May 22 2026 19:29:30 GMT+0700 (Indochina Time)! Possible blocking IO or high CPU user at the same process used by node-cron.
[2026-05-22T12:33:32.092Z] [PID: 22012] [32m[NODE-CRON][32m [33m[WARN][0m missed execution at Fri May 22 2026 19:30:00 GMT+0700 (Indochina Time)! Possible blocking IO or high CPU user at the same process used by node-cron.
[2026-05-22T12:33:32.100Z] [PID: 22012] [32m[NODE-CRON][32m [33m[WARN][0m missed execution at Fri May 22 2026 19:30:30 GMT+0700 (Indochina Time)! Possible blocking IO or high CPU user at the same process used by node-cron.
[2026-05-22T12:33:32.282Z] [PID: 22012] [32m[NODE-CRON][32m [33m[WARN][0m missed execution at Fri May 22 2026 19:31:00 GMT+0700 (Indochina Time)! Possible blocking IO or high CPU user at the same process used by node-cron.
[2026-05-22T12:33:32.322Z] [PID: 22012] [32m[NODE-CRON][32m [33m[WARN][0m missed execution at Fri May 22 2026 19:31:30 GMT+0700 (Indochina Time)! Possible blocking IO or high CPU user at the same process used by node-cron.
[2026-05-22T12:33:32.371Z] [PID: 22012] [32m[NODE-CRON][32m [33m[WARN][0m missed execution at Fri May 22 2026 19:32:00 GMT+0700 (Indochina Time)! Possible blocking IO or high CPU user at the same process used by node-cron.
[2026-05-22T12:33:32.497Z] [PID: 22012] [32m[NODE-CRON][32m [33m[WARN][0m missed execution at Fri May 22 2026 19:32:30 GMT+0700 (Indochina Time)! Possible blocking IO or high CPU user at the same process used by node-cron.
[2026-05-22T12:33:32.548Z] [PID: 22012] [32m[NODE-CRON][32m [33m[WARN][0m missed execution at Fri May 22 2026 19:33:00 GMT+0700 (Indochina Time)! Possible blocking IO or high CPU user at the same process used by node-cron.
[2026-05-22T12:33:32.821Z] [PID: 22012] [32m[NODE-CRON][32m [33m[WARN][0m missed execution at Fri May 22 2026 19:00:00 GMT+0700 (Indochina Time)! Possible blocking IO or high CPU user at the same process used by node-cron.
[2026-05-22T12:33:32.863Z] [PID: 22012] [32m[NODE-CRON][32m [33m[WARN][0m missed execution at Fri May 22 2026 19:10:00 GMT+0700 (Indochina Time)! Possible blocking IO or high CPU user at the same process used by node-cron.
[2026-05-22T12:33:32.889Z] [PID: 22012] [32m[NODE-CRON][32m [33m[WARN][0m missed execution at Fri May 22 2026 19:20:00 GMT+0700 (Indochina Time)! Possible blocking IO or high CPU user at the same process used by node-cron.
[2026-05-22T12:33:33.040Z] [PID: 22012] [32m[NODE-CRON][32m [33m[WARN][0m missed execution at Fri May 22 2026 19:30:00 GMT+0700 (Indochina Time)! Possible blocking IO or high CPU user at the same process used by node-cron.
[2026-05-22T12:33:33.365Z] [PID: 22012] [32m[NODE-CRON][32m [33m[WARN][0m missed execution at Fri May 22 2026 19:33:30 GMT+0700 (Indochina Time)! Possible blocking IO or high CPU user at the same process used by node-cron.
🔍 Using query() without params
🔍 Using query() without params
🔍 Using query() without params
🔍 Using query() without params
🔍 Using query() without params
🔍 Using query() without params
🔍 Using query() without params
🔍 Using query() without params
🔍 Using query() without params
🔍 Using query() without params
🔍 Using query() without params
🔍 Using query() without params
🔍 Using query() without params
🔍 Using query() without params
🔍 Using query() without params
🔍 Using query() without params
🔍 Using query() without params
🔍 Using query() without params
🔍 Using query() without params
🔍 Using query() without params
🔍 Using query() without params
🔍 Using query() without params
🔍 Using query() without params
🔍 Using query() without params
🔍 Using query() without params
🔍 Using query() without params
🔍 Using query() without params
🔍 Using query() without params
🔍 Using query() without params
🔍 Using query() without params
🔍 Using query() without params
🔍 Using query() without params
🔍 Using query() without params
🔍 Using query() without params
🔍 Using query() without params
🔍 Using query() without params
🔍 Using query() without params
🔍 Using query() without params
🔍 Using query() without params
🔍 Using query() without params
🔍 Using query() without params
🔍 Using query() without params
🔍 Using query() without params
🔍 Using query() without params
🔍 Using query() without params
🔍 Using query() without params
[2026-05-22T12:57:21.959Z] [PID: 22012] [32m[NODE-CRON][32m [33m[WARN][0m missed execution at Fri May 22 2026 19:56:00 GMT+0700 (Indochina Time)! Possible blocking IO or high CPU user at the same process used by node-cron.
[2026-05-22T12:57:22.167Z] [PID: 22012] [32m[NODE-CRON][32m [33m[WARN][0m missed execution at Fri May 22 2026 19:56:30 GMT+0700 (Indochina Time)! Possible blocking IO or high CPU user at the same process used by node-cron.
[2026-05-22T12:57:22.172Z] [PID: 22012] [32m[NODE-CRON][32m [33m[WARN][0m missed execution at Fri May 22 2026 19:57:00 GMT+0700 (Indochina Time)! Possible blocking IO or high CPU user at the same process used by node-cron.
🔍 Using query() without params
🔍 Using query() without params
🔍 Using query() without params
🔍 Using query() without params
🔍 Using query() without params
🔍 Using query() without params
🔍 Using query() without params
🔍 Using query() without params
🔍 Using query() without params
🔍 Using query() without params
🔍 Using query() without params
🔍 Using query() without params
🔍 Using query() without params
🔍 Using query() without params
🔍 Using query() without params
🔍 Using query() without params
🔍 Using query() without params
🔍 Using query() without params
🔍 Using query() without params
🔍 Using query() without params
🔍 Using query() without params
🔍 Using query() without params
🔍 Using query() without params
🔍 Using query() without params
🔍 Using query() without params
🔍 Using query() without params
🔍 Using query() without params
🔍 Using query() without params
🔍 Using query() without params
🔍 Using query() without params
🔍 Using query() without params
🔍 Using query() without params
🔍 Using query() without params
🔍 Using query() without params
🔍 Using query() without params
🔍 Using query() without params
🔍 Using query() without params
🔍 Using query() without params
🔍 Using query() without params
🔍 Using query() without params
🔍 Using query() without params
🔍 Using query() without params
🔍 Using query() without params
🔍 Using query() without params
🔍 Using query() without params
🔍 Using query() without params
🔍 Using query() without params
🔍 Using query() without params
🔍 Using query() without params
🔍 Using query() without params
🔍 Using query() without params
🔍 Using query() without params
🔍 Using query() without params
🔍 Using query() without params
🔍 Using query() without params
🔍 Using query() without params
🔍 Using query() without params
🔍 Using query() without params
🔍 Using query() without params
🔍 Using query() without params
🔍 Using query() without params
🔍 Using query() without params
🔍 Using query() without params
🔍 Using query() without params
🔍 Using query() without params
🔍 Using query() without params
🔍 Using query() without params
🔍 Using query() without params
🔍 Using query() without params
🔍 Using query() without params
🔍 Using query() without params
🔍 Using query() without params
🔍 Using query() without params
🔍 Using query() without params
🔍 Using query() without params
🔍 Using query() without params
🔍 Using query() without params
🔍 Using query() without params
🔍 Using query() without params
🔍 Using query() without params
🔍 Using query() without params
🔍 Using query() without params
🔍 Using query() without params
🔍 Using query() without params
🔍 Using query() without params
🔍 Using query() without params
🔍 Using query() without params
🔍 Using query() without params
🔍 Using query() without params
🔍 Using query() without params
🔍 Using query() without params
🔍 Using query() without params
🔍 Using query() without params
🔍 Using query() without params
🔍 Using query() without params
🔍 Using query() without params
🔍 Using query() without params
🔍 Using query() without params
🔍 Using query() without params
🔍 Using query() without params
🔍 Using query() without params
🔍 Using query() without params
🔍 Using query() without params
🔍 Using query() without params
🔍 Using query() without params
🔍 Using query() without params
🔍 Using query() without params
🔍 Using query() without params
🔍 Using query() without params
🔍 Using query() without params
🔍 Using query() without params
🔍 Using query() without params
🔍 Using query() without params
🔍 Using query() without params
🔍 Using query() without params
🔍 Using query() without params
🔍 Using query() without params
🔍 Using query() without params
🔍 Using query() without params
🔍 Using query() without params
🔍 Using query() without params
🔍 Using query() without params
🔍 Using query() without params
🔍 Using query() without params
🔍 Using query() without params
🔍 Using query() without params
🔍 Using query() without params
🔍 Using query() without params
🔍 Using query() without params
🔍 Using query() without params
🔍 Using query() without params
🔍 Using query() without params
🔍 Using query() without params
🔍 Using query() without params
🔍 Using query() without params
🔍 Using query() without params
🔍 Using query() without params
🔍 Using query() without params
[2026-05-22T14:53:21.511Z] [PID: 22012] [32m[NODE-CRON][32m [33m[WARN][0m missed execution at Fri May 22 2026 21:03:00 GMT+0700 (Indochina Time)! Possible blocking IO or high CPU user at the same process used by node-cron.
[2026-05-22T14:53:21.519Z] [PID: 22012] [32m[NODE-CRON][32m [33m[WARN][0m missed execution at Fri May 22 2026 21:03:30 GMT+0700 (Indochina Time)! Possible blocking IO or high CPU user at the same process used by node-cron.
[2026-05-22T14:53:21.521Z] [PID: 22012] [32m[NODE-CRON][32m [33m[WARN][0m missed execution at Fri May 22 2026 21:04:00 GMT+0700 (Indochina Time)! Possible blocking IO or high CPU user at the same process used by node-cron.
[2026-05-22T14:53:21.532Z] [PID: 22012] [32m[NODE-CRON][32m [33m[WARN][0m missed execution at Fri May 22 2026 21:04:30 GMT+0700 (Indochina Time)! Possible blocking IO or high CPU user at the same process[2026-05-22T14:53:21.514Z] [PID: 28476] [32m[NODE-CRON][32m [33m[WARN][0m missed execution at Fri May 22 2026 21:03:00 GMT+0700 (Indochina Time)! Possible blocking IO or high CPU user at the same process used by node-cron.
[2026-05-22T14:53:22.029Z] [PID: 28476] [32m[NODE-CRON][32m [33m[WARN][0m missed execution at Fri May 22 2026 21:03:30 GMT+0700 (Indochina Time)! Possible blocking IO or high CPU user at the same process used by node-cron.
[2026-05-22T14:53:22.288Z] [PID: 28476] [32m[NODE-CRON][32m [33m[WARN][0m missed execution at Fri May 22 2026 21:04:00 GMT+0700 (Indochina Time)! Possible blocking IO or high CPU user at the same process used by node-cron.
[2026-05-22T14:53:22.355Z] [PID: 28476] [32m[NODE-CRON][32m [33m[WARN][0m missed execution at Fri May 22 2026 21:04:30 GMT+0700 (Indochina Time)! Possible blocking IO or high CPU user at the same process used by node-cron.
[2026-05-22T14:53:22.426Z] [PID: 28476] [32m[NODE-CRON][32m [33m[WARN][0m missed execution at Fri May 22 2026 21:05:00 GMT+0700 (Indochina Time)! Possible blocking IO or high CPU user at the same process used by node-cron.
[2026-05-22T14:53:22.505Z] [PID: 28476] [32m[NODE-CRON][32m [33m[WARN][0m missed execution at Fri May 22 2026 21:05:30 GMT+0700 (Indochina Time)! Possible blocking IO or high CPU user at the same process used by node-cron.
[2026-05-22T14:53:22.572Z] [PID: 28476] [32m[NODE-CRON][32m [33m[WARN][0m missed execution at Fri May 22 2026 21:06:00 GMT+0700 (Indochina Time)! Possible blocking IO or high CPU user at the same process used by node-cron.
[2026-05-22T14:53:22.792Z] [PID: 28476] [32m[NODE-CRON][32m [33m[WARN][0m missed execution at Fri May 22 2026 21:06:30 GMT+0700 (Indochina Time)! Possible blocking IO or high CPU user at the same process used by node-cron.
[2026-05-22T14:53:22.930Z] [PID: 28476] [32m[NODE-CRON][32m [33m[WARN][0m missed execution at Fri May 22 2026 21:07:00 GMT+0700 (Indochina Time)! Possible blocking IO or high CPU user at the same process used by node-cron.
[2026-05-22T14:53:23.035Z] [PID: 28476] [32m[NODE-CRON][32m [33m[WARN][0m missed execution at Fri May 22 2026 21:07:30 GMT+0700 (Indochina Time)! Possible blocking IO or high CPU user at the same process used by node-cron.
[2026-05-22T14:53:23.279Z] [PID: 28476] [32m[NODE-CRON][32m [33m[WARN][0m missed execution at Fri May 22 2026 21:08:00 GMT+0700 (Indochina Time)! Possible blocking IO or high CPU user at the same process used by node-cron.
[2026-05-22T14:53:23.405Z] [PID: 28476] [32m[NODE-CRON][32m [33m[WARN][0m missed execution at Fri May 22 2026 21:08:30 GMT+0700 (Indochina Time)! Possible blocking IO or high CPU user at the same process used by node-cron.
[2026-05-22T14:53:23.658Z] [PID: 28476] [32m[NODE-CRON][32m [33m[WARN][0m missed execution at Fri May 22 2026 21:09:00 GMT+0700 (Indochina Time)! Possible blocking IO or high CPU user at the same process used by node-cron.
[2026-05-22T14:53:24.002Z] [PID: 28476] [32m[NODE-CRON][32m [33m[WARN][0m missed execution at Fri May 22 2026 21:09:30 GMT+0700 (Indochina Time)! Possible blocking IO or high CPU user at the same process used by node-cron.
[2026-05-22T14:53:24.374Z] [PID: 28476] [32m[NODE-CRON][32m [33m[WARN][0m missed execution at Fri May 22 2026 21:10:00 GMT+0700 (Indochina Time)! Possible blocking IO or high CPU user at the same process used by node-cron.
[2026-05-22T14:53:24.508Z] [PID: 28476] [32m[NODE-CRON][32m [33m[WARN][0m missed execution at Fri May 22 2026 21:10:30 GMT+0700 (Indochina Time)! Possible blocking IO or high CPU user at the same process used by node-cron.
[2026-05-22T14:53:24[2026-05-22T14:53:24.695Z] [PID: 22012] [32m[NODE-CRON][32m [33m[WARN][0m missed execution at Fri May 22 2026 21:13:00 GMT+0700 (Indochina Time)! Possible blocking IO or high CPU user at the same process[2026-05-22T14:53:24[2026-05-22T14:53:24.721Z] [PID: 22012] [32m[NODE-CRON][32m [33m[WARN][0m missed execution at Fri May 22 2026 21:13:30 GMT+0700 (Indochina Time)! Possible blocking IO or high CPU user at the same process[2026-05-22T14:53:24.805Z] [PID: 28476] [32m[NODE-CRON][32m [33m[WARN][0m missed execution at Fri May 22 2026 21:12:00 GMT+0700 (Indochina Time)! Possible blocking IO or high CPU user at the same process used by node-cron.
[2026-05-22T14:53:24.912Z] [PID: 28476] [32m[NODE-CRON][32m [33m[WARN][0m missed execution at Fri May 22 2026 21:12:30 GMT+0700 (Indochina Time)! Possible blocking IO or high CPU user at the same process used by node-cron.
[2026-05-22T14:53:24.975Z] [PID: 28476] [32m[NODE-CRON][32m [33m[WARN][0m missed execution at Fri May 22 2026 21:13:00 GMT+0700 (Indochina Time)! Possible blocking IO or high CPU user at the same process used by node-cron.
[2026-05-22T14:53:25.030Z] [PID: 28476] [32m[NODE-CRON][32m [33m[WARN][0m missed execution at Fri May 22 2026 21:13:30 GMT+0700 (Indochina Time)! Possible blocking IO or high CPU user at the same process used by node-cron.
[2026-05-22T14:53:25[2026-05-22T14:53:25.108Z] [PID: 22012] [32m[NODE-CRON][32m [33m[WARN][0m missed execution at Fri May 22 2026 21:16:00 GMT+0700 (Indochina Time)! Possible blocking IO or high CPU user at the same process[2026-05-22T14:53:25[2026-05-22T14:53:25.224Z] [PID: 22012] [32m[NODE-CRON][32m [33m[WARN][0m missed execution at Fri May 22 2026 21:16:30 GMT+0700 (Indochina Time)! Possible blocking IO or high CPU user at the same process[2026-05-22T14:53:25[2026-05-22T14:53:25.260Z] [PID: 22012] [32m[NODE-CRON][32m [33m[WARN][0m missed execution at Fri May 22 2026 21:17:00 GMT+0700 (Indochina Time)! Possible blocking IO or high CPU user at the same process used by node-cron.
[2026-05-22T14:53:25.363Z] [PID: 22012] [32m[NODE-CRON][32m [33m[WARN][0m missed execution at Fri May 22 2026 21:17:30 GMT+0700 (Indochina Time)! Possible blocking IO or high CPU user at the same process used by node-cron.
[2026-05-22T14:53:25.408Z] [PID: 22012] [32m[NODE-CRON][32m [33m[WARN][0m missed execution at Fri May 22 2026 21:18:00 GMT+0700 (Indochina Time)! Possible blocking IO or high CPU user at the same process used by node-cron.
[2026-05-22T14:53:25.431Z] [PID: 22012] [32m[NODE-CRON][32m [33m[WARN][0m missed execution at Fri May 22 2026 21:18:30 GMT+0700 (Indochina Time)! Possible blocking IO or high CPU user at the same process used by node-cron.
[2026-05-22T14:53:25.500Z] [PID: 22012] [32m[NODE-CRON][32m [33m[WARN][0m missed execution at Fri May 22 2026 21:19:00 GMT+0700 (Indochina Time)! Possible blocking IO or high CPU user at the same process used by node-cron.
[2026-05-22T14:53:25.527Z] [PID: 22012] [32m[NODE-CRON][32m [33m[WARN][0m missed execution at Fri May 22 2026 21:19:30 GMT+0700 (Indochina Time)! Possible blocking IO or high CPU user at the same process used by node-cron.
[2026-05-22T14:53:25.540Z] [PID: 22012] [32m[NODE-CRON][32m [33m[WARN][0m missed execution at Fri May 22 2026 21:20:00 GMT+0700 (Indochina Time)! Possible blocking IO or high CPU user at the same process used by node-cron.
[2026-05-22T14:53:25.571Z] [PID: 22012] [32m[NODE-CRON][32m [33m[WARN][0m missed execution at Fri May 22 2026 21:20:30 GMT+0700 (Indochina Time)! Possible blocking IO or high CPU user at the same process[2026-05-22T14:53:25.608Z] [PID: 28476] [32m[NODE-CRON][32m [33m[WARN][0m missed execution at Fri May 22 2026 21:19:00 GMT+0700 (Indochina Time)! Possible blocking IO or high CPU user at the same process used by node-cron.
[2026-05-22T14:53:25.734Z] [PID: 28476] [32m[NODE-CRON][32m [33m[WARN][0m missed execution at Fri May 22 2026 21:19:30 GMT+0700 (Indochina Time)! Possible blocking IO or high CPU user at the same process used by node-cron.
[2026-05-22T14:53:25.748Z] [PID: 28476] [32m[NODE-CRON][32m [33m[WARN][0m missed execution at Fri May 22 2026 21:20:00 GMT+0700 (Indochina Time)! Possible blocking IO or high CPU user at the same process used by node-cron.
[2026-05-22T14:53:25[2026-05-22T14:53:25.786Z] [PID: 22012] [32m[NODE-CRON][32m [33m[WARN][0m missed execution at Fri May 22 2026 21:22:30 GMT+0700 (Indochina Time)! Possible blocking IO or high CPU user at the same process[2026-05-22T14:53:25[2026-05-22T14:53:25.865Z] [PID: 22012] [32m[NODE-CRON][32m [33m[WARN][0m missed execution at Fri May 22 2026 21:23:00 GMT+0700 (Indochina Time)! Possible blocking IO or high CPU user at the same process used by node-cron.
[2026-05-22T14:53:25.940Z] [PID: 22012] [32m[NODE-CRON][32m [33m[WARN][0m missed execution at Fri May 22 2026 21:23:30 GMT+0700 (Indochina Time)! Possible blocking IO or high CPU user at the same process used by node-cron.
[2026-05-22T14:53:25.973Z] [PID: 22012] [32m[NODE-CRON][32m [33m[WARN][0m missed execution at Fri May 22 2026 21:24:00 GMT+0700 (Indochina Time)! Possible blocking IO or high CPU user at the same process used by node-cron.
[2026-05-22T14:53:25.990Z] [PID: 22012] [32m[NODE-CRON][32m [33m[WARN][0m missed execution at Fri May 22 2026 21:24:30 GMT+0700 (Indochina Time)! Possible blocking IO or high CPU user at the same process used by node-cron.
[2026-05-22T14:53:26.008Z] [PID: 22012] [32m[NODE-CRON][32m [33m[WARN][0m missed execution at Fri May 22 2026 21:25:00 GMT+0700 (Indochina Time)! Possible blocking IO or high CPU user at the same process used by node-cron.
[2026-05-22T14:53:26.014Z] [PID: 22012] [32m[NODE-CRON][32m [33m[WARN][0m missed execution at Fri May 22 2026 21:25:30 GMT+0700 (Indochina Time)! Possible blocking IO or high CPU user at the same process used by node-cron.
[2026-05-22T14:53:26.027Z] [PID: 22012] [32m[NODE-CRON][32m [33m[WARN][0m missed execution at Fri May 22 2026 21:26:00 GMT+0700 (Indochina Time)! Possible blocking IO or high CPU user at the same process used by node-cron.
[2026-05-22T14:53:26.044Z] [PID: 22012] [32m[NODE-CRON][32m [33m[WARN][0m missed execution at Fri May 22 2026 21:26:30 GMT+0700 (Indochina Time)! Possible blocking IO or high CPU user at the same process used by node-cron.
[2026-05-22T14:53:26.122Z] [PID: 22012] [32m[NODE-CRON][32m [33m[WARN][0m missed execution at Fri May 22 2026 21:27:00 GMT+0700 (Indochina Time)! Possible blocking IO or high CPU user at the same process[2026-05-22T14:53:26[2026-05-22T14:53:26.166Z] [PID: 22012] [32m[NODE-CRON][32m [33m[WARN][0m missed execution at Fri May 22 2026 21:27:30 GMT+0700 (Indochina Time)! Possible blocking IO or high CPU user at the same process[2026-05-22T14:53:26[2026-05-22T14:53:26.177Z] [PID: 22012] [32m[NODE-CRON][32m [33m[WARN][0m missed execution at Fri May 22 2026 21:28:00 GMT+0700 (Indochina Time)! Possible blocking IO or high CPU user at the same process[2026-05-22T14:53:26[2026-05-22T14:53:26.238Z] [PID: 22012] [32m[NODE-CRON][32m [33m[WARN][0m missed execution at Fri May 22 2026 21:28:30 GMT+0700 (Indochina Time)! Possible blocking IO or high CPU user at the same process[2026-05-22T14:53:26[2026-05-22T14:53:26.273Z] [PID: 22012] [32m[NODE-CRON][32m [33m[WARN][0m missed execution at Fri May 22 2026 21:29:00 GMT+0700 (Indochina Time)! Possible blocking IO or high CPU user at the same process used by node-cron.
[2026-05-22T14:53:26.370Z] [PID: 22012] [32m[NODE-CRON][32m [33m[WARN][0m missed execution at Fri May 22 2026 21:29:30 GMT+0700 (Indochina Time)! Possible blocking IO or high CPU user at the same process used by node-cron.
[2026-05-22T14:53:26.448Z] [PID: 22012] [32m[NODE-CRON][32m [33m[WARN][0m missed execution at Fri May 22 2026 21:30:00 GMT+0700 (Indochina Time)! Possible blocking IO or high CPU user at the same process used by node-cron.
[2026-05-22T14:53:26.476Z] [PID: 22012] [32m[NODE-CRON][32m [33m[WARN][0m missed execution at Fri May 22 2026 21:30:30 GMT+0700 (Indochina Time)! Possible blocking IO or high CPU user at the same process used by node-cron.
[2026-05-22T14:53:26.500Z] [PID: 22012] [32m[NODE-CRON][32m [33m[WARN][0m missed execution at Fri May 22 2026 21:31:00 GMT+0700 (Indochina Time)! Possible blocking IO or high CPU user at the same process[2026-05-22T14:53:26.657Z] [PID: 28476] [32m[NODE-CRON][32m [33m[WARN][0m missed execution at Fri May 22 2026 21:29:30 GMT+0700 (Indochina Time)! Possible blocking IO or high CPU user at the same process used by node-cron.
[2026-05-22T14:53:26.699Z] [PID: 28476] [32m[NODE-CRON][32m [33m[WARN][0m missed execution at Fri May 22 2026 21:30:00 GMT+0700 (Indochina Time)! Possible blocking IO or high CPU user at the same process used by node-cron.
[2026-05-22T14:53:26[2026-05-22T14:53:26.924Z] [PID: 22012] [32m[NODE-CRON][32m [33m[WARN][0m missed execution at Fri May 22 2026 21:32:30 GMT+0700 (Indochina Time)! Possible blocking IO or high CPU user at the same process used by node-cron.
[2026-05-22T14:53:27.068Z] [PID: 22012] [32m[NODE-CRON][32m [33m[WARN][0m missed execution at Fri May 22 2026 21:33:00 GMT+0700 (Indochina Time)! Possible blocking IO or high CPU user at the same process used by node-cron.
[2026-05-22T14:53:27.091Z] [PID: 22012] [32m[NODE-CRON][32m [33m[WARN][0m missed execution at Fri May 22 2026 21:33:30 GMT+0700 (Indochina Time)! Possible blocking IO or high CPU user at the same process used by node-cron.
[2026-05-22T14:53:27.137Z] [PID: 22012] [32m[NODE-CRON][32m [33m[WARN][0m missed execution at Fri May 22 2026 21:34:00 GMT+0700 (Indochina Time)! Possible blocking IO or high CPU user at the same process used by node-cron.
[2026-05-22T14:53:27.157Z] [PID: 22012] [32m[NODE-CRON][32m [33m[WARN][0m missed execution at Fri May 22 2026 21:34:30 GMT+0700 (Indochina Time)! Possible blocking IO or high CPU user at the same process used by node-cron.
[2026-05-22T14:53:27.183Z] [PID: 22012] [32m[NODE-CRON][32m [33m[WARN][0m missed execution at Fri May 22 2026 21:35:00 GMT+0700 (Indochina Time)! Possible blocking IO or high CPU user at the same process used by node-cron.
[2026-05-22T14:53:27.294Z] [PID: 22012] [32m[NODE-CRON][32m [33m[WARN][0m missed execution at Fri May 22 2026 21:35:30 GMT+0700 (Indochina Time)! Possible blocking IO or high CPU user at the same process used by node-cron.
[2026-05-22T14:53:27.345Z] [PID: 22012] [32m[NODE-CRON][32m [33m[WARN][0m missed execution at Fri May 22 2026 21:36:00 GMT+0700 (Indochina Time)! Possible blocking IO or high CPU user at the same process used by node-cron.
[2026-05-22T14:53:27.382Z] [PID: 22012] [32m[NODE-CRON][32m [33m[WARN][0m missed execution at Fri May 22 2026 21:36:30 GMT+0700 (Indochina Time)! Possible blocking IO or high CPU user at the same process used by node-cron.
[2026-05-22T14:53:27.402Z] [PID: 22012] [32m[NODE-CRON][32m [33m[WARN][0m missed execution at Fri May 22 2026 21:37:00 GMT+0700 (Indochina Time)! Possible blocking IO or high CPU user at the same process used by node-cron.
[2026-05-22T14:53:27.409Z] [PID: 22012] [32m[NODE-CRON][32m [33m[WARN][0m missed execution at Fri May 22 2026 21:37:30 GMT+0700 (Indochina Time)! Possible blocking IO or high CPU user at the same process used by node-cron.
[2026-05-22T14:53:27.423Z] [PID: 22012] [32m[NODE-CRON][32m [33m[WARN][0m missed execution at Fri May 22 2026 21:38:00 GMT+0700 (Indochina Time)! Possible blocking IO or high CPU user at the same process used by node-cron.
[2026-05-22T14:53:27.444Z] [PID: 22012] [32m[NODE-CRON][32m [33m[WARN][0m missed execution at Fri May 22 2026 21:38:30 GMT+0700 (Indochina Time)! Possible blocking IO or high CPU user at the same process used by node-cron.
[2026-05-22T14:53:27.544Z] [PID: 22012] [32m[NODE-CRON][32m [33m[WARN][0m missed execution at Fri May 22 2026 21:39:00 GMT+0700 (Indochina Time)! Possible blocking IO or high CPU user at the same process used by node-cron.
[2026-05-22T14:53:27.571Z] [PID: 22012] [32m[NODE-CRON][32m [33m[WARN][0m missed execution at Fri May 22 2026 21:39:30 GMT+0700 (Indochina Time)! Possible blocking IO or high CPU user at the same process used by node-cron.
[2026-05-22T14:53:27.601Z] [PID: 22012] [32m[NODE-CRON][32m [33m[WARN][0m missed execution at Fri May 22 2026 21:40:00 GMT+0700 (Indochina Time)! Possible blocking IO or high CPU user at the same process used by node-cron.
[2026-05-22T14:53:27.618Z] [PID: 22012] [32m[NODE-CRON][32m [33m[WARN][0m missed execution at Fri May 22 2026 21:40:30 GMT+0700 (Indochina Time)! Possible blocking IO or high CPU user at the same process used by node-cron.
[2026-05-22T14:53:27.656Z] [PID: 22012] [32m[NODE-CRON][32m [33m[WARN][0m missed execution at Fri May 22 2026 21:41:00 GMT+0700 (Indochina Time)! Possible blocking IO or high CPU user at the same process used by node-cron.
[2026-05-22T14:53:27.725Z] [PID: 22012] [32m[NODE-CRON][32m [33m[WARN][0m missed execution at Fri May 22 2026 21:41:30 GMT+0700 (Indochina Time)! Possible blocking IO or high CPU user at the same process used by node-cron.
[2026-05-22T14:53:27.745Z] [PID: 22012] [32m[NODE-CRON][32m [33m[WARN][0m missed execution at Fri May 22 2026 21:42:00 GMT+0700 (Indochina Time)! Possible blocking IO or high CPU user at the same process[2026-05-22T14:53:27[2026-05-22T14:53:27.951Z] [PID: 22012] [32m[NODE-CRON][32m [33m[WARN][0m missed execution at Fri May 22 2026 21:42:30 GMT+0700 (Indochina Time)! Possible blocking IO or high CPU user at the same process used by node-cron.
[2026-05-22T14:53:27.964Z] [PID: 22012] [32m[NODE-CRON][32m [33m[WARN][0m missed execution at Fri May 22 2026 21:43:00 GMT+0700 (Indochina Time)! Possible blocking IO or high CPU user at the same process used by node-cron.
[2026-05-22T14:53:27.985Z] [PID: 22012] [32m[NODE-CRON][32m [33m[WARN][0m missed execution at Fri May 22 2026 21:43:30 GMT+0700 (Indochina Time)! Possible blocking IO or high CPU user at the same process used by node-cron.
[2026-05-22T14:53:28.044Z] [PID: 22012] [32m[NODE-CRON][32m [33m[WARN][0m missed execution at Fri May 22 2026 21:44:00 GMT+0700 (Indochina Time)! Possible blocking IO or high CPU user at the same process used by node-cron.
[2026-05-22T14:53:28.046Z] [PID: 22012] [32m[NODE-CRON][32m [33m[WARN][0m missed execution at Fri May 22 2026 21:44:30 GMT+0700 (Indochina Time)! Possible blocking IO or high CPU user at the same process used by node-cron.
[2026-05-22T14:53:28.065Z] [PID: 22012] [32m[NODE-CRON][32m [33m[WARN][0m missed execution at Fri May 22 2026 21:45:00 GMT+0700 (Indochina Time)! Possible blocking IO or high CPU user at the same process used by node-cron.
[2026-05-22T14:53:28.079Z] [PID: 22012] [32m[NODE-CRON][32m [33m[WARN][0m missed execution at Fri May 22 2026 21:45:30 GMT+0700 (Indochina Time)! Possible blocking IO or high CPU user at the same process used by node-cron.
[2026-05-22T14:53:28.094Z] [PID: 22012] [32m[NODE-CRON][32m [33m[WARN][0m missed execution at Fri May 22 2026 21:46:00 GMT+0700 (Indochina Time)! Possible blocking IO or high CPU user at the same process used by node-cron.
[2026-05-22T14:53:28.097Z] [PID: 22012] [32m[NODE-CRON][32m [33m[WARN][0m missed execution at Fri May 22 2026 21:46:30 GMT+0700 (Indochina Time)! Possible blocking IO or high CPU user at the same process used by node-cron.
[2026-05-22T14:53:28.116Z] [PID: 22012] [32m[NODE-CRON][32m [33m[WARN][0m missed execution at Fri May 22 2026 21:47:00 GMT+0700 (Indochina Time)! Possible blocking IO or high CPU user at the same process used by node-cron.
[2026-05-22T14:53:28.132Z] [PID: 22012] [32m[NODE-CRON][32m [33m[WARN][0m missed execution at Fri May 22 2026 21:47:30 GMT+0700 (Indochina Time)! Possible blocking IO or high CPU user at the same process used by node-cron.
[2026-05-22T14:53:28.140Z] [PID: 22012] [32m[NODE-CRON][32m [33m[WARN][0m missed execution at Fri May 22 2026 21:48:00 GMT+0700 (Indochina Time)! Possible blocking IO or high CPU user at the same process used by node-cron.
[2026-05-22T14:53:28.142Z] [PID: 22012] [32m[NODE-CRON][32m [33m[WARN][0m missed execution at Fri May 22 2026 21:48:30 GMT+0700 (Indochina Time)! Possible blocking IO or high CPU user at the same process used by node-cron.
[2026-05-22T14:53:28.156Z] [PID: 22012] [32m[NODE-CRON][32m [33m[WARN][0m missed execution at Fri May 22 2026 21:49:00 GMT+0700 (Indochina Time)! Possible blocking IO or high CPU user at the same process used by node-cron.
[2026-05-22T14:53:28.173Z] [PID: 22012] [32m[NODE-CRON][32m [33m[WARN][0m missed execution at Fri May 22 2026 21:49:30 GMT+0700 (Indochina Time)! Possible blocking IO or high CPU user at the same process used by node-cron.
[2026-05-22T14:53:28.190Z] [PID: 22012] [32m[NODE-CRON][32m [33m[WARN][0m missed execution at Fri May 22 2026 21:50:00 GMT+0700 (Indochina Time)! Possible blocking IO or high CPU user at the same process used by node-cron.
[2026-05-22T14:53:28.200Z] [PID: 22012] [32m[NODE-CRON][32m [33m[WARN][0m missed execution at Fri May 22 2026 21:50:30 GMT+0700 (Indochina Time)! Possible blocking IO or high CPU user at the same process[2026-05-22T14:53:28.344Z] [PID: 28476] [32m[NODE-CRON][32m [33m[WARN][0m missed execution at Fri May 22 2026 21:49:00 GMT+0700 (Indochina Time)! Possible blocking IO or high CPU user at the same process used by node-cron.
[2026-05-22T14:53:28.351Z] [PID: 28476] [32m[NODE-CRON][32m [33m[WARN][0m missed execution at Fri May 22 2026 21:49:30 GMT+0700 (Indochina Time)! Possible blocking IO or high CPU user at the same process used by node-cron.
[2026-05-22T14:53:28[2026-05-22T14:53:28.373Z] [PID: 22012] [32m[NODE-CRON][32m [33m[WARN][0m missed execution at Fri May 22 2026 21:52:00 GMT+0700 (Indochina Time)! Possible blocking IO or high CPU user at the same process[2026-05-22T14:53:28[2026-05-22T14:53:28.543Z] [PID: 22012] [32m[NODE-CRON][32m [33m[WARN][0m missed execution at Fri May 22 2026 21:52:30 GMT+0700 (Indochina Time)! Possible blocking IO or high CPU user at the same process used by node-cron.
[2026-05-22T14:53:28.561Z] [PID: 22012] [32m[NODE-CRON][32m [33m[WARN][0m missed execution at Fri May 22 2026 21:53:00 GMT+0700 (Indochina Time)! Possible blocking IO or high CPU user at the same process used by node-cron.
[2026-05-22T14:53:28.603Z] [PID: 22012] [32m[NODE-CRON][32m [33m[WARN][0m missed execution at Fri May 22 2026 21:10:00 GMT+0700 (Indochina Time)! Possible blocking IO or high CPU user at the same process used by node-cron.
[2026-05-22T14:53:28.616Z] [PID: 22012] [32m[NODE-CRON][32m [33m[WARN][0m missed execution at Fri May 22 2026 21:20:00 GMT+0700 (Indochina Time)! Possible blocking IO or high CPU user at the same process used by node-cron.
[2026-05-22T14:53:28.631Z] [PID: 22012] [32m[NODE-CRON][32m [33m[WARN][0m missed execution at Fri May 22 2026 21:30:00 GMT+0700 (Indochina Time)! Possible blocking IO or high CPU user at the same process used by node-cron.
[2026-05-22T14:53:28.780Z] [PID: 22012] [32m[NODE-CRON][32m [33m[WARN][0m missed execution at Fri May 22 2026 21:40:00 GMT+0700 (Indochina Time)! Possible blocking IO or high CPU user at the same process used by node-cron.
[2026-05-22T14:53:28.787Z] [PID: 22012] [32m[NODE-CRON][32m [33m[WARN][0m missed execution at Fri May 22 2026 21:50:00 GMT+0700 (Indochina Time)! Possible blocking IO or high CPU user at the same process used by node-cron.
🔍 Using query() without params
N][32m [33m[WARN][0m missed execution at Fri May 22 2026 21:20:00 GMT+0700 (Indochina Time)! Possible blocking IO or high CPU user at the same process used by node-cron.
[2026-05-22T14:53:28.787Z] [PID: 28476] [32m[NODE-CRON][32m [33m[WARN][0m missed execution at Fri May 22 2026 21:30:00 GMT+0700 (Indochina Time)! Possible blocking IO or high CPU user at the same process used by node-cron.
[2026-05-22T14:53:28.811Z] [PID: 28476] [32m[NODE-CRON][32m [33m[WARN][0m missed execution at Fri May 22 2026 21:40:00 GMT+0700 (Indochina Time)! Possible blocking IO or high CPU user at the same process used by node-cron.
[2026-05-22T14:53:28.858Z] [PID: 28476] [32m[NODE-CRON][32m [33m[WARN][0m missed execution at Fri May 22 2026 21:50:00 GMT+0700 (Indochina Time)! Possible blocking IO or high CPU user at the same process used by node-cron.
🔍 Using query() without params
